// Vitest Snapshot v1, https://vitest.dev/guide/snapshot.html

exports[`renders correctly 1`] = `
<button
  aria-controls="radix-:r0:"
  aria-expanded={false}
  aria-haspopup="dialog"
  data-state="closed"
  onClick={[Function]}
  type="button"
>
  <div
    className="false rtl:flex-row-reverse flex w-full justify-between gap-2 overflow-hidden items-center"
  >
    <div
      className="border  rounded-sm overflow-hidden"
    >
      <img
        alt=""
        className="w-6"
        src="https://cdn.jsdelivr.net/gh/lipis/flag-icons/flags/4x3/.svg"
      />
    </div>
  </div>
</button>
`;
