// Vitest Snapshot v1, https://vitest.dev/guide/snapshot.html

exports[`renders correctly 1`] = `
<button
  aria-controls="radix-:r1:"
  aria-expanded={false}
  aria-haspopup="dialog"
  data-state="closed"
  onClick={[Function]}
  type="button"
>
  <button
    data-state="closed"
    onBlur={[Function]}
    onClick={[Function]}
    onFocus={[Function]}
    onPointerDown={[Function]}
    onPointerLeave={[Function]}
    onPointerMove={[Function]}
  >
    <button
      aria-expanded={false}
      className="inline-flex items-center whitespace-nowrap rounded-md text-sm font-medium transition-colors focus-visible:outline-none focus-visible:ring-1 focus-visible:ring-ring disabled:pointer-events-none disabled:opacity-50 hover:bg-accent hover:text-accent-foreground h-9 py-2 justify-between border-none bg-transparent px-2 gap-2 true"
      role="combobox"
    >
      <div
        className="false  flex w-full justify-between gap-2 overflow-hidden items-center"
      >
        <div
          className="border  rounded-sm overflow-hidden"
        >
          <img
            alt=""
            className="w-6"
            src="https://cdn.jsdelivr.net/gh/lipis/flag-icons/flags/4x3/.svg"
          />
        </div>
      </div>
    </button>
  </button>
</button>
`;
